// Jest Snapshot v1, https://goo.gl/fbAQLP

exports[`Conversations should render correctly without crashing 1`] = `<PleaseLogin />`;
