// Jest Snapshot v1, https://goo.gl/fbAQLP

exports[`Home should render correctly without crashing 1`] = `<PleaseLogin />`;
